[     512ms] [INFO] %cDownload the React DevTools for a better development experience: https://reactjs.org/link/react-devtools font-weight:bold @ webpack-internal:///./node_modules/react-dom/cjs/react-dom.development.js:29889
[     618ms] [LOG] [HMR] connected @ webpack-internal:///./node_modules/next/dist/client/dev/error-overlay/websocket.js:45
[     834ms] [ERROR] Warning: React does not recognize the `%s` prop on a DOM element. If you intentionally want it to appear in the DOM as a custom attribute, spell it as lowercase `%s` instead. If you accidentally passed it from a parent component, remove it from the DOM element.%s fetchPriority fetchpriority 
    at img
    at eval (webpack-internal:///./node_modules/next/dist/client/image-component.js:129:11)
    at eval (webpack-internal:///./node_modules/next/dist/client/image-component.js:238:47)
    at div
    at div
    at div
    at WorkflowVisual (webpack-internal:///./src/pages/landing-ko-vf.tsx:1849:11)
    at div
    at div
    at MotionComponent (webpack-internal:///./node_modules/framer-motion/dist/es/motion/index.mjs:54:65)
    at Reveal (webpack-internal:///./src/components/landing/Animation/Reveal.tsx:42:11)
    at div
    at section
    at main
    at div
    at LandingKoVfPage (webpack-internal:///./src/pages/landing-ko-vf.tsx:2045:86)
    at div
    at QueryClientProvider (webpack-internal:///./node_modules/@tanstack/react-query/build/modern/QueryClientProvider.js:28:3)
    at ReactQueryProvider (webpack-internal:///./src/components/Provider.tsx:15:11)
    at App (webpack-internal:///./src/pages/_app.tsx:71:11)
    at PathnameContextProviderAdapter (webpack-internal:///./node_modules/next/dist/shared/lib/router/adapters.js:79:11)
    at ErrorBoundary (webpack-internal:///./node_modules/next/dist/compiled/@next/react-dev-overlay/dist/client.js:2:5389)
    at ReactDevOverlay (webpack-internal:///./node_modules/next/dist/compiled/@next/react-dev-overlay/dist/client.js:2:7785)
    at Container (webpack-internal:///./node_modules/next/dist/client/index.js:78:1)
    at AppContainer (webpack-internal:///./node_modules/next/dist/client/index.js:182:11)
    at Root (webpack-internal:///./node_modules/next/dist/client/index.js:396:11) @ webpack-internal:///./node_modules/next/dist/compiled/@next/react-dev-overlay/dist/client.js:1
[     862ms] [LOG] [Fast Refresh] rebuilding @ webpack-internal:///./node_modules/next/dist/client/dev/error-overlay/hot-dev-client.js:196
[    1052ms] [LOG] %c[Vercel Web Analytics]%c Debug mode is enabled by default in development. No requests will be sent to the server. color: rgb(120, 120, 120) color: inherit @ https://va.vercel-scripts.com/v1/script.debug.js:0
[    1052ms] [LOG] %c[Vercel Web Analytics]%c [view] http://localhost:3002/landing-ko-vf color: rgb(120, 120, 120) color: inherit {o: http://localhost:3002/landing-ko-vf, sv: 0.1.3, sdkn: @vercel/analytics/react, sdkv: 1.6.1, ts: 1777530723140} /_vercel/insights/view @ https://va.vercel-scripts.com/v1/script.debug.js:0
[    2122ms] [ERROR] Failed to load resource: the server responded with a status of 404 (Not Found) @ http://localhost:3002/_next/static/webpack/ff6238faa6312f24.webpack.hot-update.json:0
[    2429ms] [INFO] %cDownload the React DevTools for a better development experience: https://reactjs.org/link/react-devtools font-weight:bold @ webpack-internal:///./node_modules/react-dom/cjs/react-dom.development.js:29889
[    2488ms] [LOG] [HMR] connected @ webpack-internal:///./node_modules/next/dist/client/dev/error-overlay/websocket.js:45
[    2521ms] [ERROR] Warning: React does not recognize the `%s` prop on a DOM element. If you intentionally want it to appear in the DOM as a custom attribute, spell it as lowercase `%s` instead. If you accidentally passed it from a parent component, remove it from the DOM element.%s fetchPriority fetchpriority 
    at img
    at eval (webpack-internal:///./node_modules/next/dist/client/image-component.js:129:11)
    at eval (webpack-internal:///./node_modules/next/dist/client/image-component.js:238:47)
    at div
    at div
    at div
    at WorkflowVisual (webpack-internal:///./src/pages/landing-ko-vf.tsx:1849:11)
    at div
    at div
    at MotionComponent (webpack-internal:///./node_modules/framer-motion/dist/es/motion/index.mjs:54:65)
    at Reveal (webpack-internal:///./src/components/landing/Animation/Reveal.tsx:42:11)
    at div
    at section
    at main
    at div
    at LandingKoVfPage (webpack-internal:///./src/pages/landing-ko-vf.tsx:2045:86)
    at div
    at QueryClientProvider (webpack-internal:///./node_modules/@tanstack/react-query/build/modern/QueryClientProvider.js:28:3)
    at ReactQueryProvider (webpack-internal:///./src/components/Provider.tsx:15:11)
    at App (webpack-internal:///./src/pages/_app.tsx:71:11)
    at PathnameContextProviderAdapter (webpack-internal:///./node_modules/next/dist/shared/lib/router/adapters.js:79:11)
    at ErrorBoundary (webpack-internal:///./node_modules/next/dist/compiled/@next/react-dev-overlay/dist/client.js:2:5389)
    at ReactDevOverlay (webpack-internal:///./node_modules/next/dist/compiled/@next/react-dev-overlay/dist/client.js:2:7785)
    at Container (webpack-internal:///./node_modules/next/dist/client/index.js:78:1)
    at AppContainer (webpack-internal:///./node_modules/next/dist/client/index.js:182:11)
    at Root (webpack-internal:///./node_modules/next/dist/client/index.js:396:11) @ webpack-internal:///./node_modules/next/dist/compiled/@next/react-dev-overlay/dist/client.js:1
[    2546ms] [LOG] %c[Vercel Web Analytics]%c Debug mode is enabled by default in development. No requests will be sent to the server. color: rgb(120, 120, 120) color: inherit @ https://va.vercel-scripts.com/v1/script.debug.js:0
[    2546ms] [LOG] %c[Vercel Web Analytics]%c [view] http://localhost:3002/landing-ko-vf color: rgb(120, 120, 120) color: inherit {o: http://localhost:3002/landing-ko-vf, sv: 0.1.3, sdkn: @vercel/analytics/react, sdkv: 1.6.1, ts: 1777530724633} /_vercel/insights/view @ https://va.vercel-scripts.com/v1/script.debug.js:0
[   39560ms] [LOG] [Fast Refresh] rebuilding @ webpack-internal:///./node_modules/next/dist/client/dev/error-overlay/hot-dev-client.js:196
[   42105ms] [LOG] [Fast Refresh] done in 2546ms @ webpack-internal:///./node_modules/next/dist/client/dev/error-overlay/hot-dev-client.js:165
[   42558ms] [INFO] %cDownload the React DevTools for a better development experience: https://reactjs.org/link/react-devtools font-weight:bold @ webpack-internal:///./node_modules/react-dom/cjs/react-dom.development.js:29889
[   42618ms] [LOG] [HMR] connected @ webpack-internal:///./node_modules/next/dist/client/dev/error-overlay/websocket.js:45
[   42772ms] [LOG] %c[Vercel Web Analytics]%c Debug mode is enabled by default in development. No requests will be sent to the server. color: rgb(120, 120, 120) color: inherit @ https://va.vercel-scripts.com/v1/script.debug.js:0
[   42772ms] [LOG] %c[Vercel Web Analytics]%c [view] http://localhost:3002/landing-ko-vf color: rgb(120, 120, 120) color: inherit {o: http://localhost:3002/landing-ko-vf, sv: 0.1.3, sdkn: @vercel/analytics/react, sdkv: 1.6.1, ts: 1777530764860} /_vercel/insights/view @ https://va.vercel-scripts.com/v1/script.debug.js:0
[   43084ms] [ERROR] Failed to load resource: the server responded with a status of 404 (Not Found) @ http://localhost:3002/_next/static/webpack/2ed8c5d234341932.webpack.hot-update.json:0
[   43479ms] [INFO] %cDownload the React DevTools for a better development experience: https://reactjs.org/link/react-devtools font-weight:bold @ webpack-internal:///./node_modules/react-dom/cjs/react-dom.development.js:29889
[   43553ms] [LOG] [HMR] connected @ webpack-internal:///./node_modules/next/dist/client/dev/error-overlay/websocket.js:45
[   43619ms] [LOG] %c[Vercel Web Analytics]%c Debug mode is enabled by default in development. No requests will be sent to the server. color: rgb(120, 120, 120) color: inherit @ https://va.vercel-scripts.com/v1/script.debug.js:0
[   43619ms] [LOG] %c[Vercel Web Analytics]%c [view] http://localhost:3002/landing-ko-vf color: rgb(120, 120, 120) color: inherit {o: http://localhost:3002/landing-ko-vf, sv: 0.1.3, sdkn: @vercel/analytics/react, sdkv: 1.6.1, ts: 1777530765707} /_vercel/insights/view @ https://va.vercel-scripts.com/v1/script.debug.js:0
[   43948ms] [ERROR] Failed to load resource: the server responded with a status of 404 (Not Found) @ http://localhost:3002/_next/static/webpack/2ed8c5d234341932.webpack.hot-update.json:0
[   44335ms] [INFO] %cDownload the React DevTools for a better development experience: https://reactjs.org/link/react-devtools font-weight:bold @ webpack-internal:///./node_modules/react-dom/cjs/react-dom.development.js:29889
[   44391ms] [LOG] [HMR] connected @ webpack-internal:///./node_modules/next/dist/client/dev/error-overlay/websocket.js:45
[   44435ms] [LOG] %c[Vercel Web Analytics]%c Debug mode is enabled by default in development. No requests will be sent to the server. color: rgb(120, 120, 120) color: inherit @ https://va.vercel-scripts.com/v1/script.debug.js:0
[   44436ms] [LOG] %c[Vercel Web Analytics]%c [view] http://localhost:3002/landing-ko-vf color: rgb(120, 120, 120) color: inherit {o: http://localhost:3002/landing-ko-vf, sv: 0.1.3, sdkn: @vercel/analytics/react, sdkv: 1.6.1, ts: 1777530766523} /_vercel/insights/view @ https://va.vercel-scripts.com/v1/script.debug.js:0
[   44466ms] [ERROR] Failed to load resource: the server responded with a status of 404 (Not Found) @ http://localhost:3002/_next/static/webpack/2ed8c5d234341932.webpack.hot-update.json:0
[   44737ms] [INFO] %cDownload the React DevTools for a better development experience: https://reactjs.org/link/react-devtools font-weight:bold @ webpack-internal:///./node_modules/react-dom/cjs/react-dom.development.js:29889
[   44854ms] [LOG] [HMR] connected @ webpack-internal:///./node_modules/next/dist/client/dev/error-overlay/websocket.js:45
[   45104ms] [LOG] %c[Vercel Web Analytics]%c Debug mode is enabled by default in development. No requests will be sent to the server. color: rgb(120, 120, 120) color: inherit @ https://va.vercel-scripts.com/v1/script.debug.js:0
[   45104ms] [LOG] %c[Vercel Web Analytics]%c [view] http://localhost:3002/landing-ko-vf color: rgb(120, 120, 120) color: inherit {o: http://localhost:3002/landing-ko-vf, sv: 0.1.3, sdkn: @vercel/analytics/react, sdkv: 1.6.1, ts: 1777530767191} /_vercel/insights/view @ https://va.vercel-scripts.com/v1/script.debug.js:0
[   45200ms] [ERROR] Failed to load resource: the server responded with a status of 404 (Not Found) @ http://localhost:3002/_next/static/webpack/2ed8c5d234341932.webpack.hot-update.json:0
[   45457ms] [INFO] %cDownload the React DevTools for a better development experience: https://reactjs.org/link/react-devtools font-weight:bold @ webpack-internal:///./node_modules/react-dom/cjs/react-dom.development.js:29889
[   45516ms] [LOG] [HMR] connected @ webpack-internal:///./node_modules/next/dist/client/dev/error-overlay/websocket.js:45
[   45557ms] [ERROR] Failed to load resource: the server responded with a status of 404 (Not Found) @ http://localhost:3002/_next/static/webpack/2ed8c5d234341932.webpack.hot-update.json:0
[   45558ms] [LOG] %c[Vercel Web Analytics]%c Debug mode is enabled by default in development. No requests will be sent to the server. color: rgb(120, 120, 120) color: inherit @ https://va.vercel-scripts.com/v1/script.debug.js:0
[   45558ms] [LOG] %c[Vercel Web Analytics]%c [view] http://localhost:3002/landing-ko-vf color: rgb(120, 120, 120) color: inherit {o: http://localhost:3002/landing-ko-vf, sv: 0.1.3, sdkn: @vercel/analytics/react, sdkv: 1.6.1, ts: 1777530767645} /_vercel/insights/view @ https://va.vercel-scripts.com/v1/script.debug.js:0
[   45815ms] [INFO] %cDownload the React DevTools for a better development experience: https://reactjs.org/link/react-devtools font-weight:bold @ webpack-internal:///./node_modules/react-dom/cjs/react-dom.development.js:29889
[   45906ms] [LOG] [HMR] connected @ webpack-internal:///./node_modules/next/dist/client/dev/error-overlay/websocket.js:45
[   45947ms] [LOG] %c[Vercel Web Analytics]%c Debug mode is enabled by default in development. No requests will be sent to the server. color: rgb(120, 120, 120) color: inherit @ https://va.vercel-scripts.com/v1/script.debug.js:0
[   45947ms] [LOG] %c[Vercel Web Analytics]%c [view] http://localhost:3002/landing-ko-vf color: rgb(120, 120, 120) color: inherit {o: http://localhost:3002/landing-ko-vf, sv: 0.1.3, sdkn: @vercel/analytics/react, sdkv: 1.6.1, ts: 1777530768034} /_vercel/insights/view @ https://va.vercel-scripts.com/v1/script.debug.js:0
[   45951ms] [ERROR] Failed to load resource: the server responded with a status of 404 (Not Found) @ http://localhost:3002/_next/static/webpack/2ed8c5d234341932.webpack.hot-update.json:0
[   46175ms] [INFO] %cDownload the React DevTools for a better development experience: https://reactjs.org/link/react-devtools font-weight:bold @ webpack-internal:///./node_modules/react-dom/cjs/react-dom.development.js:29889
[   46230ms] [LOG] [HMR] connected @ webpack-internal:///./node_modules/next/dist/client/dev/error-overlay/websocket.js:45
[   46263ms] [ERROR] Failed to load resource: the server responded with a status of 404 (Not Found) @ http://localhost:3002/_next/static/webpack/2ed8c5d234341932.webpack.hot-update.json:0
[   46274ms] [LOG] %c[Vercel Web Analytics]%c Debug mode is enabled by default in development. No requests will be sent to the server. color: rgb(120, 120, 120) color: inherit @ https://va.vercel-scripts.com/v1/script.debug.js:0
[   46274ms] [LOG] %c[Vercel Web Analytics]%c [view] http://localhost:3002/landing-ko-vf color: rgb(120, 120, 120) color: inherit {o: http://localhost:3002/landing-ko-vf, sv: 0.1.3, sdkn: @vercel/analytics/react, sdkv: 1.6.1, ts: 1777530768361} /_vercel/insights/view @ https://va.vercel-scripts.com/v1/script.debug.js:0
[   46591ms] [INFO] %cDownload the React DevTools for a better development experience: https://reactjs.org/link/react-devtools font-weight:bold @ webpack-internal:///./node_modules/react-dom/cjs/react-dom.development.js:29889
[   46673ms] [LOG] [HMR] connected @ webpack-internal:///./node_modules/next/dist/client/dev/error-overlay/websocket.js:45
[   46719ms] [LOG] %c[Vercel Web Analytics]%c Debug mode is enabled by default in development. No requests will be sent to the server. color: rgb(120, 120, 120) color: inherit @ https://va.vercel-scripts.com/v1/script.debug.js:0
[   46719ms] [LOG] %c[Vercel Web Analytics]%c [view] http://localhost:3002/landing-ko-vf color: rgb(120, 120, 120) color: inherit {o: http://localhost:3002/landing-ko-vf, sv: 0.1.3, sdkn: @vercel/analytics/react, sdkv: 1.6.1, ts: 1777530768807} /_vercel/insights/view @ https://va.vercel-scripts.com/v1/script.debug.js:0
[   46720ms] [ERROR] Failed to load resource: the server responded with a status of 404 (Not Found) @ http://localhost:3002/_next/static/webpack/2ed8c5d234341932.webpack.hot-update.json:0
[   47032ms] [INFO] %cDownload the React DevTools for a better development experience: https://reactjs.org/link/react-devtools font-weight:bold @ webpack-internal:///./node_modules/react-dom/cjs/react-dom.development.js:29889
[   47102ms] [LOG] [HMR] connected @ webpack-internal:///./node_modules/next/dist/client/dev/error-overlay/websocket.js:45
[   47152ms] [LOG] %c[Vercel Web Analytics]%c Debug mode is enabled by default in development. No requests will be sent to the server. color: rgb(120, 120, 120) color: inherit @ https://va.vercel-scripts.com/v1/script.debug.js:0
[   47153ms] [LOG] %c[Vercel Web Analytics]%c [view] http://localhost:3002/landing-ko-vf color: rgb(120, 120, 120) color: inherit {o: http://localhost:3002/landing-ko-vf, sv: 0.1.3, sdkn: @vercel/analytics/react, sdkv: 1.6.1, ts: 1777530769240} /_vercel/insights/view @ https://va.vercel-scripts.com/v1/script.debug.js:0
[   47172ms] [ERROR] Failed to load resource: the server responded with a status of 404 (Not Found) @ http://localhost:3002/_next/static/webpack/2ed8c5d234341932.webpack.hot-update.json:0
[   47526ms] [INFO] %cDownload the React DevTools for a better development experience: https://reactjs.org/link/react-devtools font-weight:bold @ webpack-internal:///./node_modules/react-dom/cjs/react-dom.development.js:29889
[   47590ms] [LOG] [HMR] connected @ webpack-internal:///./node_modules/next/dist/client/dev/error-overlay/websocket.js:45
[   47863ms] [LOG] %c[Vercel Web Analytics]%c Debug mode is enabled by default in development. No requests will be sent to the server. color: rgb(120, 120, 120) color: inherit @ https://va.vercel-scripts.com/v1/script.debug.js:0
[   47863ms] [LOG] %c[Vercel Web Analytics]%c [view] http://localhost:3002/landing-ko-vf color: rgb(120, 120, 120) color: inherit {o: http://localhost:3002/landing-ko-vf, sv: 0.1.3, sdkn: @vercel/analytics/react, sdkv: 1.6.1, ts: 1777530769951} /_vercel/insights/view @ https://va.vercel-scripts.com/v1/script.debug.js:0
[   47960ms] [ERROR] Failed to load resource: the server responded with a status of 404 (Not Found) @ http://localhost:3002/_next/static/webpack/2ed8c5d234341932.webpack.hot-update.json:0
[   48585ms] [INFO] %cDownload the React DevTools for a better development experience: https://reactjs.org/link/react-devtools font-weight:bold @ webpack-internal:///./node_modules/react-dom/cjs/react-dom.development.js:29889
[   48661ms] [LOG] [HMR] connected @ webpack-internal:///./node_modules/next/dist/client/dev/error-overlay/websocket.js:45
[   48722ms] [LOG] %c[Vercel Web Analytics]%c Debug mode is enabled by default in development. No requests will be sent to the server. color: rgb(120, 120, 120) color: inherit @ https://va.vercel-scripts.com/v1/script.debug.js:0
[   48722ms] [LOG] %c[Vercel Web Analytics]%c [view] http://localhost:3002/landing-ko-vf color: rgb(120, 120, 120) color: inherit {o: http://localhost:3002/landing-ko-vf, sv: 0.1.3, sdkn: @vercel/analytics/react, sdkv: 1.6.1, ts: 1777530770810} /_vercel/insights/view @ https://va.vercel-scripts.com/v1/script.debug.js:0
[   48745ms] [ERROR] Failed to load resource: the server responded with a status of 404 (Not Found) @ http://localhost:3002/_next/static/webpack/2ed8c5d234341932.webpack.hot-update.json:0
[   49329ms] [INFO] %cDownload the React DevTools for a better development experience: https://reactjs.org/link/react-devtools font-weight:bold @ webpack-internal:///./node_modules/react-dom/cjs/react-dom.development.js:29889
[   49422ms] [LOG] [HMR] connected @ webpack-internal:///./node_modules/next/dist/client/dev/error-overlay/websocket.js:45
[   49478ms] [LOG] %c[Vercel Web Analytics]%c Debug mode is enabled by default in development. No requests will be sent to the server. color: rgb(120, 120, 120) color: inherit @ https://va.vercel-scripts.com/v1/script.debug.js:0
[   49478ms] [LOG] %c[Vercel Web Analytics]%c [view] http://localhost:3002/landing-ko-vf color: rgb(120, 120, 120) color: inherit {o: http://localhost:3002/landing-ko-vf, sv: 0.1.3, sdkn: @vercel/analytics/react, sdkv: 1.6.1, ts: 1777530771566} /_vercel/insights/view @ https://va.vercel-scripts.com/v1/script.debug.js:0
[   49500ms] [ERROR] Failed to load resource: the server responded with a status of 404 (Not Found) @ http://localhost:3002/_next/static/webpack/2ed8c5d234341932.webpack.hot-update.json:0
[   50047ms] [INFO] %cDownload the React DevTools for a better development experience: https://reactjs.org/link/react-devtools font-weight:bold @ webpack-internal:///./node_modules/react-dom/cjs/react-dom.development.js:29889
[   50497ms] [LOG] [HMR] connected @ webpack-internal:///./node_modules/next/dist/client/dev/error-overlay/websocket.js:45
[   50938ms] [LOG] %c[Vercel Web Analytics]%c Debug mode is enabled by default in development. No requests will be sent to the server. color: rgb(120, 120, 120) color: inherit @ https://va.vercel-scripts.com/v1/script.debug.js:0
[   50939ms] [LOG] %c[Vercel Web Analytics]%c [view] http://localhost:3002/landing-ko-vf color: rgb(120, 120, 120) color: inherit {o: http://localhost:3002/landing-ko-vf, sv: 0.1.3, sdkn: @vercel/analytics/react, sdkv: 1.6.1, ts: 1777530773026} /_vercel/insights/view @ https://va.vercel-scripts.com/v1/script.debug.js:0
[   51000ms] [ERROR] Failed to load resource: the server responded with a status of 404 (Not Found) @ http://localhost:3002/_next/static/webpack/2ed8c5d234341932.webpack.hot-update.json:0
[   51315ms] [INFO] %cDownload the React DevTools for a better development experience: https://reactjs.org/link/react-devtools font-weight:bold @ webpack-internal:///./node_modules/react-dom/cjs/react-dom.development.js:29889
[   51451ms] [LOG] [HMR] connected @ webpack-internal:///./node_modules/next/dist/client/dev/error-overlay/websocket.js:45
[   51542ms] [LOG] %c[Vercel Web Analytics]%c Debug mode is enabled by default in development. No requests will be sent to the server. color: rgb(120, 120, 120) color: inherit @ https://va.vercel-scripts.com/v1/script.debug.js:0
[   51542ms] [LOG] %c[Vercel Web Analytics]%c [view] http://localhost:3002/landing-ko-vf color: rgb(120, 120, 120) color: inherit {o: http://localhost:3002/landing-ko-vf, sv: 0.1.3, sdkn: @vercel/analytics/react, sdkv: 1.6.1, ts: 1777530773629} /_vercel/insights/view @ https://va.vercel-scripts.com/v1/script.debug.js:0
[   51670ms] [ERROR] Failed to load resource: the server responded with a status of 404 (Not Found) @ http://localhost:3002/_next/static/webpack/2ed8c5d234341932.webpack.hot-update.json:0
[   52360ms] [INFO] %cDownload the React DevTools for a better development experience: https://reactjs.org/link/react-devtools font-weight:bold @ webpack-internal:///./node_modules/react-dom/cjs/react-dom.development.js:29889
[   52581ms] [LOG] [HMR] connected @ webpack-internal:///./node_modules/next/dist/client/dev/error-overlay/websocket.js:45
[   52662ms] [LOG] %c[Vercel Web Analytics]%c Debug mode is enabled by default in development. No requests will be sent to the server. color: rgb(120, 120, 120) color: inherit @ https://va.vercel-scripts.com/v1/script.debug.js:0
[   52663ms] [LOG] %c[Vercel Web Analytics]%c [view] http://localhost:3002/landing-ko-vf color: rgb(120, 120, 120) color: inherit {o: http://localhost:3002/landing-ko-vf, sv: 0.1.3, sdkn: @vercel/analytics/react, sdkv: 1.6.1, ts: 1777530774750} /_vercel/insights/view @ https://va.vercel-scripts.com/v1/script.debug.js:0
[   52698ms] [ERROR] Failed to load resource: the server responded with a status of 404 (Not Found) @ http://localhost:3002/_next/static/webpack/2ed8c5d234341932.webpack.hot-update.json:0
[   53051ms] [INFO] %cDownload the React DevTools for a better development experience: https://reactjs.org/link/react-devtools font-weight:bold @ webpack-internal:///./node_modules/react-dom/cjs/react-dom.development.js:29889
[   53104ms] [LOG] [HMR] connected @ webpack-internal:///./node_modules/next/dist/client/dev/error-overlay/websocket.js:45
[   53135ms] [ERROR] Failed to load resource: the server responded with a status of 404 (Not Found) @ http://localhost:3002/_next/static/webpack/2ed8c5d234341932.webpack.hot-update.json:0
[   53143ms] [LOG] %c[Vercel Web Analytics]%c Debug mode is enabled by default in development. No requests will be sent to the server. color: rgb(120, 120, 120) color: inherit @ https://va.vercel-scripts.com/v1/script.debug.js:0
[   53143ms] [LOG] %c[Vercel Web Analytics]%c [view] http://localhost:3002/landing-ko-vf color: rgb(120, 120, 120) color: inherit {o: http://localhost:3002/landing-ko-vf, sv: 0.1.3, sdkn: @vercel/analytics/react, sdkv: 1.6.1, ts: 1777530775231} /_vercel/insights/view @ https://va.vercel-scripts.com/v1/script.debug.js:0
[   53455ms] [INFO] %cDownload the React DevTools for a better development experience: https://reactjs.org/link/react-devtools font-weight:bold @ webpack-internal:///./node_modules/react-dom/cjs/react-dom.development.js:29889
[   53513ms] [LOG] [HMR] connected @ webpack-internal:///./node_modules/next/dist/client/dev/error-overlay/websocket.js:45
[   53597ms] [LOG] %c[Vercel Web Analytics]%c Debug mode is enabled by default in development. No requests will be sent to the server. color: rgb(120, 120, 120) color: inherit @ https://va.vercel-scripts.com/v1/script.debug.js:0
[   53597ms] [LOG] %c[Vercel Web Analytics]%c [view] http://localhost:3002/landing-ko-vf color: rgb(120, 120, 120) color: inherit {o: http://localhost:3002/landing-ko-vf, sv: 0.1.3, sdkn: @vercel/analytics/react, sdkv: 1.6.1, ts: 1777530775685} /_vercel/insights/view @ https://va.vercel-scripts.com/v1/script.debug.js:0
[   53667ms] [ERROR] Failed to load resource: the server responded with a status of 404 (Not Found) @ http://localhost:3002/_next/static/webpack/2ed8c5d234341932.webpack.hot-update.json:0
[   53957ms] [INFO] %cDownload the React DevTools for a better development experience: https://reactjs.org/link/react-devtools font-weight:bold @ webpack-internal:///./node_modules/react-dom/cjs/react-dom.development.js:29889
[   54117ms] [LOG] [HMR] connected @ webpack-internal:///./node_modules/next/dist/client/dev/error-overlay/websocket.js:45
[   54194ms] [LOG] %c[Vercel Web Analytics]%c Debug mode is enabled by default in development. No requests will be sent to the server. color: rgb(120, 120, 120) color: inherit @ https://va.vercel-scripts.com/v1/script.debug.js:0
[   54195ms] [LOG] %c[Vercel Web Analytics]%c [view] http://localhost:3002/landing-ko-vf color: rgb(120, 120, 120) color: inherit {o: http://localhost:3002/landing-ko-vf, sv: 0.1.3, sdkn: @vercel/analytics/react, sdkv: 1.6.1, ts: 1777530776282} /_vercel/insights/view @ https://va.vercel-scripts.com/v1/script.debug.js:0
[   54232ms] [ERROR] Failed to load resource: the server responded with a status of 404 (Not Found) @ http://localhost:3002/_next/static/webpack/2ed8c5d234341932.webpack.hot-update.json:0
[   54480ms] [INFO] %cDownload the React DevTools for a better development experience: https://reactjs.org/link/react-devtools font-weight:bold @ webpack-internal:///./node_modules/react-dom/cjs/react-dom.development.js:29889
[   54532ms] [LOG] [HMR] connected @ webpack-internal:///./node_modules/next/dist/client/dev/error-overlay/websocket.js:45
[   54562ms] [ERROR] Failed to load resource: the server responded with a status of 404 (Not Found) @ http://localhost:3002/_next/static/webpack/2ed8c5d234341932.webpack.hot-update.json:0
[   54574ms] [LOG] %c[Vercel Web Analytics]%c Debug mode is enabled by default in development. No requests will be sent to the server. color: rgb(120, 120, 120) color: inherit @ https://va.vercel-scripts.com/v1/script.debug.js:0
[   54574ms] [LOG] %c[Vercel Web Analytics]%c [view] http://localhost:3002/landing-ko-vf color: rgb(120, 120, 120) color: inherit {o: http://localhost:3002/landing-ko-vf, sv: 0.1.3, sdkn: @vercel/analytics/react, sdkv: 1.6.1, ts: 1777530776662} /_vercel/insights/view @ https://va.vercel-scripts.com/v1/script.debug.js:0
[   54808ms] [INFO] %cDownload the React DevTools for a better development experience: https://reactjs.org/link/react-devtools font-weight:bold @ webpack-internal:///./node_modules/react-dom/cjs/react-dom.development.js:29889
[   54974ms] [LOG] [HMR] connected @ webpack-internal:///./node_modules/next/dist/client/dev/error-overlay/websocket.js:45
[   55086ms] [LOG] %c[Vercel Web Analytics]%c Debug mode is enabled by default in development. No requests will be sent to the server. color: rgb(120, 120, 120) color: inherit @ https://va.vercel-scripts.com/v1/script.debug.js:0
[   55086ms] [LOG] %c[Vercel Web Analytics]%c [view] http://localhost:3002/landing-ko-vf color: rgb(120, 120, 120) color: inherit {o: http://localhost:3002/landing-ko-vf, sv: 0.1.3, sdkn: @vercel/analytics/react, sdkv: 1.6.1, ts: 1777530777173} /_vercel/insights/view @ https://va.vercel-scripts.com/v1/script.debug.js:0
[   55257ms] [ERROR] Failed to load resource: the server responded with a status of 404 (Not Found) @ http://localhost:3002/_next/static/webpack/2ed8c5d234341932.webpack.hot-update.json:0
[   55509ms] [INFO] %cDownload the React DevTools for a better development experience: https://reactjs.org/link/react-devtools font-weight:bold @ webpack-internal:///./node_modules/react-dom/cjs/react-dom.development.js:29889
[   55574ms] [LOG] [HMR] connected @ webpack-internal:///./node_modules/next/dist/client/dev/error-overlay/websocket.js:45
[   55603ms] [ERROR] Failed to load resource: the server responded with a status of 404 (Not Found) @ http://localhost:3002/_next/static/webpack/2ed8c5d234341932.webpack.hot-update.json:0
[   55614ms] [LOG] %c[Vercel Web Analytics]%c Debug mode is enabled by default in development. No requests will be sent to the server. color: rgb(120, 120, 120) color: inherit @ https://va.vercel-scripts.com/v1/script.debug.js:0
[   55614ms] [LOG] %c[Vercel Web Analytics]%c [view] http://localhost:3002/landing-ko-vf color: rgb(120, 120, 120) color: inherit {o: http://localhost:3002/landing-ko-vf, sv: 0.1.3, sdkn: @vercel/analytics/react, sdkv: 1.6.1, ts: 1777530777702} /_vercel/insights/view @ https://va.vercel-scripts.com/v1/script.debug.js:0
[   55907ms] [INFO] %cDownload the React DevTools for a better development experience: https://reactjs.org/link/react-devtools font-weight:bold @ webpack-internal:///./node_modules/react-dom/cjs/react-dom.development.js:29889
[   55956ms] [LOG] [HMR] connected @ webpack-internal:///./node_modules/next/dist/client/dev/error-overlay/websocket.js:45
[   55982ms] [ERROR] Failed to load resource: the server responded with a status of 404 (Not Found) @ http://localhost:3002/_next/static/webpack/2ed8c5d234341932.webpack.hot-update.json:0
[   55988ms] [LOG] %c[Vercel Web Analytics]%c Debug mode is enabled by default in development. No requests will be sent to the server. color: rgb(120, 120, 120) color: inherit @ https://va.vercel-scripts.com/v1/script.debug.js:0
[   55988ms] [LOG] %c[Vercel Web Analytics]%c [view] http://localhost:3002/landing-ko-vf color: rgb(120, 120, 120) color: inherit {o: http://localhost:3002/landing-ko-vf, sv: 0.1.3, sdkn: @vercel/analytics/react, sdkv: 1.6.1, ts: 1777530778075} /_vercel/insights/view @ https://va.vercel-scripts.com/v1/script.debug.js:0
[   56172ms] [INFO] %cDownload the React DevTools for a better development experience: https://reactjs.org/link/react-devtools font-weight:bold @ webpack-internal:///./node_modules/react-dom/cjs/react-dom.development.js:29889
[   56221ms] [LOG] [HMR] connected @ webpack-internal:///./node_modules/next/dist/client/dev/error-overlay/websocket.js:45
[   56254ms] [LOG] %c[Vercel Web Analytics]%c Debug mode is enabled by default in development. No requests will be sent to the server. color: rgb(120, 120, 120) color: inherit @ https://va.vercel-scripts.com/v1/script.debug.js:0
[   56254ms] [LOG] %c[Vercel Web Analytics]%c [view] http://localhost:3002/landing-ko-vf color: rgb(120, 120, 120) color: inherit {o: http://localhost:3002/landing-ko-vf, sv: 0.1.3, sdkn: @vercel/analytics/react, sdkv: 1.6.1, ts: 1777530778341} /_vercel/insights/view @ https://va.vercel-scripts.com/v1/script.debug.js:0
[   56298ms] [ERROR] Failed to load resource: the server responded with a status of 404 (Not Found) @ http://localhost:3002/_next/static/webpack/2ed8c5d234341932.webpack.hot-update.json:0
[   56575ms] [INFO] %cDownload the React DevTools for a better development experience: https://reactjs.org/link/react-devtools font-weight:bold @ webpack-internal:///./node_modules/react-dom/cjs/react-dom.development.js:29889
[   56633ms] [LOG] [HMR] connected @ webpack-internal:///./node_modules/next/dist/client/dev/error-overlay/websocket.js:45
[   56661ms] [ERROR] Failed to load resource: the server responded with a status of 404 (Not Found) @ http://localhost:3002/_next/static/webpack/2ed8c5d234341932.webpack.hot-update.json:0
[   56672ms] [LOG] %c[Vercel Web Analytics]%c Debug mode is enabled by default in development. No requests will be sent to the server. color: rgb(120, 120, 120) color: inherit @ https://va.vercel-scripts.com/v1/script.debug.js:0
[   56672ms] [LOG] %c[Vercel Web Analytics]%c [view] http://localhost:3002/landing-ko-vf color: rgb(120, 120, 120) color: inherit {o: http://localhost:3002/landing-ko-vf, sv: 0.1.3, sdkn: @vercel/analytics/react, sdkv: 1.6.1, ts: 1777530778759} /_vercel/insights/view @ https://va.vercel-scripts.com/v1/script.debug.js:0
[   56853ms] [INFO] %cDownload the React DevTools for a better development experience: https://reactjs.org/link/react-devtools font-weight:bold @ webpack-internal:///./node_modules/react-dom/cjs/react-dom.development.js:29889
[   56922ms] [LOG] [HMR] connected @ webpack-internal:///./node_modules/next/dist/client/dev/error-overlay/websocket.js:45
[   56966ms] [ERROR] Failed to load resource: the server responded with a status of 404 (Not Found) @ http://localhost:3002/_next/static/webpack/2ed8c5d234341932.webpack.hot-update.json:0
[   56973ms] [LOG] %c[Vercel Web Analytics]%c Debug mode is enabled by default in development. No requests will be sent to the server. color: rgb(120, 120, 120) color: inherit @ https://va.vercel-scripts.com/v1/script.debug.js:0
[   56973ms] [LOG] %c[Vercel Web Analytics]%c [view] http://localhost:3002/landing-ko-vf color: rgb(120, 120, 120) color: inherit {o: http://localhost:3002/landing-ko-vf, sv: 0.1.3, sdkn: @vercel/analytics/react, sdkv: 1.6.1, ts: 1777530779061} /_vercel/insights/view @ https://va.vercel-scripts.com/v1/script.debug.js:0
[   57163ms] [INFO] %cDownload the React DevTools for a better development experience: https://reactjs.org/link/react-devtools font-weight:bold @ webpack-internal:///./node_modules/react-dom/cjs/react-dom.development.js:29889
[   57213ms] [LOG] [HMR] connected @ webpack-internal:///./node_modules/next/dist/client/dev/error-overlay/websocket.js:45
[   57246ms] [LOG] %c[Vercel Web Analytics]%c Debug mode is enabled by default in development. No requests will be sent to the server. color: rgb(120, 120, 120) color: inherit @ https://va.vercel-scripts.com/v1/script.debug.js:0
[   57246ms] [LOG] %c[Vercel Web Analytics]%c [view] http://localhost:3002/landing-ko-vf color: rgb(120, 120, 120) color: inherit {o: http://localhost:3002/landing-ko-vf, sv: 0.1.3, sdkn: @vercel/analytics/react, sdkv: 1.6.1, ts: 1777530779334} /_vercel/insights/view @ https://va.vercel-scripts.com/v1/script.debug.js:0
[   57275ms] [ERROR] Failed to load resource: the server responded with a status of 404 (Not Found) @ http://localhost:3002/_next/static/webpack/2ed8c5d234341932.webpack.hot-update.json:0
[   57481ms] [INFO] %cDownload the React DevTools for a better development experience: https://reactjs.org/link/react-devtools font-weight:bold @ webpack-internal:///./node_modules/react-dom/cjs/react-dom.development.js:29889
[   57553ms] [LOG] [HMR] connected @ webpack-internal:///./node_modules/next/dist/client/dev/error-overlay/websocket.js:45
[   57586ms] [ERROR] Failed to load resource: the server responded with a status of 404 (Not Found) @ http://localhost:3002/_next/static/webpack/2ed8c5d234341932.webpack.hot-update.json:0
[   57596ms] [LOG] %c[Vercel Web Analytics]%c Debug mode is enabled by default in development. No requests will be sent to the server. color: rgb(120, 120, 120) color: inherit @ https://va.vercel-scripts.com/v1/script.debug.js:0
[   57597ms] [LOG] %c[Vercel Web Analytics]%c [view] http://localhost:3002/landing-ko-vf color: rgb(120, 120, 120) color: inherit {o: http://localhost:3002/landing-ko-vf, sv: 0.1.3, sdkn: @vercel/analytics/react, sdkv: 1.6.1, ts: 1777530779684} /_vercel/insights/view @ https://va.vercel-scripts.com/v1/script.debug.js:0
[   57774ms] [INFO] %cDownload the React DevTools for a better development experience: https://reactjs.org/link/react-devtools font-weight:bold @ webpack-internal:///./node_modules/react-dom/cjs/react-dom.development.js:29889
[   57822ms] [LOG] [HMR] connected @ webpack-internal:///./node_modules/next/dist/client/dev/error-overlay/websocket.js:45
[   57844ms] [ERROR] Failed to load resource: the server responded with a status of 404 (Not Found) @ http://localhost:3002/_next/static/webpack/2ed8c5d234341932.webpack.hot-update.json:0
[   57856ms] [LOG] %c[Vercel Web Analytics]%c Debug mode is enabled by default in development. No requests will be sent to the server. color: rgb(120, 120, 120) color: inherit @ https://va.vercel-scripts.com/v1/script.debug.js:0
[   57856ms] [LOG] %c[Vercel Web Analytics]%c [view] http://localhost:3002/landing-ko-vf color: rgb(120, 120, 120) color: inherit {o: http://localhost:3002/landing-ko-vf, sv: 0.1.3, sdkn: @vercel/analytics/react, sdkv: 1.6.1, ts: 1777530779944} /_vercel/insights/view @ https://va.vercel-scripts.com/v1/script.debug.js:0
[   58055ms] [INFO] %cDownload the React DevTools for a better development experience: https://reactjs.org/link/react-devtools font-weight:bold @ webpack-internal:///./node_modules/react-dom/cjs/react-dom.development.js:29889
[   58109ms] [LOG] [HMR] connected @ webpack-internal:///./node_modules/next/dist/client/dev/error-overlay/websocket.js:45
[   58158ms] [LOG] %c[Vercel Web Analytics]%c Debug mode is enabled by default in development. No requests will be sent to the server. color: rgb(120, 120, 120) color: inherit @ https://va.vercel-scripts.com/v1/script.debug.js:0
[   58158ms] [LOG] %c[Vercel Web Analytics]%c [view] http://localhost:3002/landing-ko-vf color: rgb(120, 120, 120) color: inherit {o: http://localhost:3002/landing-ko-vf, sv: 0.1.3, sdkn: @vercel/analytics/react, sdkv: 1.6.1, ts: 1777530780246} /_vercel/insights/view @ https://va.vercel-scripts.com/v1/script.debug.js:0
[   58158ms] [ERROR] Failed to load resource: the server responded with a status of 404 (Not Found) @ http://localhost:3002/_next/static/webpack/2ed8c5d234341932.webpack.hot-update.json:0
[   58365ms] [INFO] %cDownload the React DevTools for a better development experience: https://reactjs.org/link/react-devtools font-weight:bold @ webpack-internal:///./node_modules/react-dom/cjs/react-dom.development.js:29889
[   58431ms] [LOG] [HMR] connected @ webpack-internal:///./node_modules/next/dist/client/dev/error-overlay/websocket.js:45
[   58471ms] [LOG] %c[Vercel Web Analytics]%c Debug mode is enabled by default in development. No requests will be sent to the server. color: rgb(120, 120, 120) color: inherit @ https://va.vercel-scripts.com/v1/script.debug.js:0
[   58472ms] [LOG] %c[Vercel Web Analytics]%c [view] http://localhost:3002/landing-ko-vf color: rgb(120, 120, 120) color: inherit {o: http://localhost:3002/landing-ko-vf, sv: 0.1.3, sdkn: @vercel/analytics/react, sdkv: 1.6.1, ts: 1777530780559} /_vercel/insights/view @ https://va.vercel-scripts.com/v1/script.debug.js:0
[   58490ms] [ERROR] Failed to load resource: the server responded with a status of 404 (Not Found) @ http://localhost:3002/_next/static/webpack/2ed8c5d234341932.webpack.hot-update.json:0
[   58677ms] [INFO] %cDownload the React DevTools for a better development experience: https://reactjs.org/link/react-devtools font-weight:bold @ webpack-internal:///./node_modules/react-dom/cjs/react-dom.development.js:29889
[   58728ms] [LOG] [HMR] connected @ webpack-internal:///./node_modules/next/dist/client/dev/error-overlay/websocket.js:45
[   58791ms] [LOG] %c[Vercel Web Analytics]%c Debug mode is enabled by default in development. No requests will be sent to the server. color: rgb(120, 120, 120) color: inherit @ https://va.vercel-scripts.com/v1/script.debug.js:0
[   58791ms] [LOG] %c[Vercel Web Analytics]%c [view] http://localhost:3002/landing-ko-vf color: rgb(120, 120, 120) color: inherit {o: http://localhost:3002/landing-ko-vf, sv: 0.1.3, sdkn: @vercel/analytics/react, sdkv: 1.6.1, ts: 1777530780878} /_vercel/insights/view @ https://va.vercel-scripts.com/v1/script.debug.js:0
[   58791ms] [ERROR] Failed to load resource: the server responded with a status of 404 (Not Found) @ http://localhost:3002/_next/static/webpack/2ed8c5d234341932.webpack.hot-update.json:0
[   59018ms] [INFO] %cDownload the React DevTools for a better development experience: https://reactjs.org/link/react-devtools font-weight:bold @ webpack-internal:///./node_modules/react-dom/cjs/react-dom.development.js:29889
[   59067ms] [LOG] [HMR] connected @ webpack-internal:///./node_modules/next/dist/client/dev/error-overlay/websocket.js:45
[   59095ms] [ERROR] Failed to load resource: the server responded with a status of 404 (Not Found) @ http://localhost:3002/_next/static/webpack/2ed8c5d234341932.webpack.hot-update.json:0
[   59107ms] [LOG] %c[Vercel Web Analytics]%c Debug mode is enabled by default in development. No requests will be sent to the server. color: rgb(120, 120, 120) color: inherit @ https://va.vercel-scripts.com/v1/script.debug.js:0
[   59107ms] [LOG] %c[Vercel Web Analytics]%c [view] http://localhost:3002/landing-ko-vf color: rgb(120, 120, 120) color: inherit {o: http://localhost:3002/landing-ko-vf, sv: 0.1.3, sdkn: @vercel/analytics/react, sdkv: 1.6.1, ts: 1777530781194} /_vercel/insights/view @ https://va.vercel-scripts.com/v1/script.debug.js:0
[   59298ms] [INFO] %cDownload the React DevTools for a better development experience: https://reactjs.org/link/react-devtools font-weight:bold @ webpack-internal:///./node_modules/react-dom/cjs/react-dom.development.js:29889
[   59409ms] [LOG] [HMR] connected @ webpack-internal:///./node_modules/next/dist/client/dev/error-overlay/websocket.js:45
[   59447ms] [LOG] %c[Vercel Web Analytics]%c Debug mode is enabled by default in development. No requests will be sent to the server. color: rgb(120, 120, 120) color: inherit @ https://va.vercel-scripts.com/v1/script.debug.js:0
[   59447ms] [LOG] %c[Vercel Web Analytics]%c [view] http://localhost:3002/landing-ko-vf color: rgb(120, 120, 120) color: inherit {o: http://localhost:3002/landing-ko-vf, sv: 0.1.3, sdkn: @vercel/analytics/react, sdkv: 1.6.1, ts: 1777530781535} /_vercel/insights/view @ https://va.vercel-scripts.com/v1/script.debug.js:0
[   59471ms] [ERROR] Failed to load resource: the server responded with a status of 404 (Not Found) @ http://localhost:3002/_next/static/webpack/2ed8c5d234341932.webpack.hot-update.json:0
[   59704ms] [INFO] %cDownload the React DevTools for a better development experience: https://reactjs.org/link/react-devtools font-weight:bold @ webpack-internal:///./node_modules/react-dom/cjs/react-dom.development.js:29889
[   59762ms] [LOG] [HMR] connected @ webpack-internal:///./node_modules/next/dist/client/dev/error-overlay/websocket.js:45
[   59827ms] [LOG] %c[Vercel Web Analytics]%c Debug mode is enabled by default in development. No requests will be sent to the server. color: rgb(120, 120, 120) color: inherit @ https://va.vercel-scripts.com/v1/script.debug.js:0
[   59827ms] [LOG] %c[Vercel Web Analytics]%c [view] http://localhost:3002/landing-ko-vf color: rgb(120, 120, 120) color: inherit {o: http://localhost:3002/landing-ko-vf, sv: 0.1.3, sdkn: @vercel/analytics/react, sdkv: 1.6.1, ts: 1777530781914} /_vercel/insights/view @ https://va.vercel-scripts.com/v1/script.debug.js:0
[   59827ms] [ERROR] Failed to load resource: the server responded with a status of 404 (Not Found) @ http://localhost:3002/_next/static/webpack/2ed8c5d234341932.webpack.hot-update.json:0
[   60024ms] [INFO] %cDownload the React DevTools for a better development experience: https://reactjs.org/link/react-devtools font-weight:bold @ webpack-internal:///./node_modules/react-dom/cjs/react-dom.development.js:29889
[   60076ms] [LOG] [HMR] connected @ webpack-internal:///./node_modules/next/dist/client/dev/error-overlay/websocket.js:45
[   60104ms] [ERROR] Failed to load resource: the server responded with a status of 404 (Not Found) @ http://localhost:3002/_next/static/webpack/2ed8c5d234341932.webpack.hot-update.json:0
[   60116ms] [LOG] %c[Vercel Web Analytics]%c Debug mode is enabled by default in development. No requests will be sent to the server. color: rgb(120, 120, 120) color: inherit @ https://va.vercel-scripts.com/v1/script.debug.js:0
[   60116ms] [LOG] %c[Vercel Web Analytics]%c [view] http://localhost:3002/landing-ko-vf color: rgb(120, 120, 120) color: inherit {o: http://localhost:3002/landing-ko-vf, sv: 0.1.3, sdkn: @vercel/analytics/react, sdkv: 1.6.1, ts: 1777530782204} /_vercel/insights/view @ https://va.vercel-scripts.com/v1/script.debug.js:0
[   60315ms] [INFO] %cDownload the React DevTools for a better development experience: https://reactjs.org/link/react-devtools font-weight:bold @ webpack-internal:///./node_modules/react-dom/cjs/react-dom.development.js:29889
[   60373ms] [LOG] [HMR] connected @ webpack-internal:///./node_modules/next/dist/client/dev/error-overlay/websocket.js:45
[   60403ms] [ERROR] Failed to load resource: the server responded with a status of 404 (Not Found) @ http://localhost:3002/_next/static/webpack/2ed8c5d234341932.webpack.hot-update.json:0
[   60414ms] [LOG] %c[Vercel Web Analytics]%c Debug mode is enabled by default in development. No requests will be sent to the server. color: rgb(120, 120, 120) color: inherit @ https://va.vercel-scripts.com/v1/script.debug.js:0
[   60414ms] [LOG] %c[Vercel Web Analytics]%c [view] http://localhost:3002/landing-ko-vf color: rgb(120, 120, 120) color: inherit {o: http://localhost:3002/landing-ko-vf, sv: 0.1.3, sdkn: @vercel/analytics/react, sdkv: 1.6.1, ts: 1777530782501} /_vercel/insights/view @ https://va.vercel-scripts.com/v1/script.debug.js:0
[   60591ms] [INFO] %cDownload the React DevTools for a better development experience: https://reactjs.org/link/react-devtools font-weight:bold @ webpack-internal:///./node_modules/react-dom/cjs/react-dom.development.js:29889
[   60700ms] [LOG] [HMR] connected @ webpack-internal:///./node_modules/next/dist/client/dev/error-overlay/websocket.js:45
[   60755ms] [LOG] %c[Vercel Web Analytics]%c Debug mode is enabled by default in development. No requests will be sent to the server. color: rgb(120, 120, 120) color: inherit @ https://va.vercel-scripts.com/v1/script.debug.js:0
[   60755ms] [LOG] %c[Vercel Web Analytics]%c [view] http://localhost:3002/landing-ko-vf color: rgb(120, 120, 120) color: inherit {o: http://localhost:3002/landing-ko-vf, sv: 0.1.3, sdkn: @vercel/analytics/react, sdkv: 1.6.1, ts: 1777530782843} /_vercel/insights/view @ https://va.vercel-scripts.com/v1/script.debug.js:0
[   60777ms] [ERROR] Failed to load resource: the server responded with a status of 404 (Not Found) @ http://localhost:3002/_next/static/webpack/2ed8c5d234341932.webpack.hot-update.json:0
[   60965ms] [INFO] %cDownload the React DevTools for a better development experience: https://reactjs.org/link/react-devtools font-weight:bold @ webpack-internal:///./node_modules/react-dom/cjs/react-dom.development.js:29889
[   61013ms] [LOG] [HMR] connected @ webpack-internal:///./node_modules/next/dist/client/dev/error-overlay/websocket.js:45
[   61036ms] [ERROR] Failed to load resource: the server responded with a status of 404 (Not Found) @ http://localhost:3002/_next/static/webpack/2ed8c5d234341932.webpack.hot-update.json:0
[   61048ms] [LOG] %c[Vercel Web Analytics]%c Debug mode is enabled by default in development. No requests will be sent to the server. color: rgb(120, 120, 120) color: inherit @ https://va.vercel-scripts.com/v1/script.debug.js:0
[   61048ms] [LOG] %c[Vercel Web Analytics]%c [view] http://localhost:3002/landing-ko-vf color: rgb(120, 120, 120) color: inherit {o: http://localhost:3002/landing-ko-vf, sv: 0.1.3, sdkn: @vercel/analytics/react, sdkv: 1.6.1, ts: 1777530783136} /_vercel/insights/view @ https://va.vercel-scripts.com/v1/script.debug.js:0
[   61264ms] [INFO] %cDownload the React DevTools for a better development experience: https://reactjs.org/link/react-devtools font-weight:bold @ webpack-internal:///./node_modules/react-dom/cjs/react-dom.development.js:29889
[   61350ms] [LOG] [HMR] connected @ webpack-internal:///./node_modules/next/dist/client/dev/error-overlay/websocket.js:45
[   61397ms] [LOG] %c[Vercel Web Analytics]%c Debug mode is enabled by default in development. No requests will be sent to the server. color: rgb(120, 120, 120) color: inherit @ https://va.vercel-scripts.com/v1/script.debug.js:0
[   61397ms] [LOG] %c[Vercel Web Analytics]%c [view] http://localhost:3002/landing-ko-vf color: rgb(120, 120, 120) color: inherit {o: http://localhost:3002/landing-ko-vf, sv: 0.1.3, sdkn: @vercel/analytics/react, sdkv: 1.6.1, ts: 1777530783484} /_vercel/insights/view @ https://va.vercel-scripts.com/v1/script.debug.js:0
[   61406ms] [ERROR] Failed to load resource: the server responded with a status of 404 (Not Found) @ http://localhost:3002/_next/static/webpack/2ed8c5d234341932.webpack.hot-update.json:0
[   61627ms] [INFO] %cDownload the React DevTools for a better development experience: https://reactjs.org/link/react-devtools font-weight:bold @ webpack-internal:///./node_modules/react-dom/cjs/react-dom.development.js:29889
[   61678ms] [LOG] [HMR] connected @ webpack-internal:///./node_modules/next/dist/client/dev/error-overlay/websocket.js:45
[   61715ms] [LOG] %c[Vercel Web Analytics]%c Debug mode is enabled by default in development. No requests will be sent to the server. color: rgb(120, 120, 120) color: inherit @ https://va.vercel-scripts.com/v1/script.debug.js:0
[   61715ms] [LOG] %c[Vercel Web Analytics]%c [view] http://localhost:3002/landing-ko-vf color: rgb(120, 120, 120) color: inherit {o: http://localhost:3002/landing-ko-vf, sv: 0.1.3, sdkn: @vercel/analytics/react, sdkv: 1.6.1, ts: 1777530783802} /_vercel/insights/view @ https://va.vercel-scripts.com/v1/script.debug.js:0
[   61715ms] [ERROR] Failed to load resource: the server responded with a status of 404 (Not Found) @ http://localhost:3002/_next/static/webpack/2ed8c5d234341932.webpack.hot-update.json:0
[   61995ms] [INFO] %cDownload the React DevTools for a better development experience: https://reactjs.org/link/react-devtools font-weight:bold @ webpack-internal:///./node_modules/react-dom/cjs/react-dom.development.js:29889
[   62050ms] [LOG] [HMR] connected @ webpack-internal:///./node_modules/next/dist/client/dev/error-overlay/websocket.js:45
[   62158ms] [LOG] %c[Vercel Web Analytics]%c Debug mode is enabled by default in development. No requests will be sent to the server. color: rgb(120, 120, 120) color: inherit @ https://va.vercel-scripts.com/v1/script.debug.js:0
[   62158ms] [LOG] %c[Vercel Web Analytics]%c [view] http://localhost:3002/landing-ko-vf color: rgb(120, 120, 120) color: inherit {o: http://localhost:3002/landing-ko-vf, sv: 0.1.3, sdkn: @vercel/analytics/react, sdkv: 1.6.1, ts: 1777530784245} /_vercel/insights/view @ https://va.vercel-scripts.com/v1/script.debug.js:0
[   62178ms] [ERROR] Failed to load resource: the server responded with a status of 404 (Not Found) @ http://localhost:3002/_next/static/webpack/2ed8c5d234341932.webpack.hot-update.json:0
[   62398ms] [INFO] %cDownload the React DevTools for a better development experience: https://reactjs.org/link/react-devtools font-weight:bold @ webpack-internal:///./node_modules/react-dom/cjs/react-dom.development.js:29889
[   62452ms] [LOG] [HMR] connected @ webpack-internal:///./node_modules/next/dist/client/dev/error-overlay/websocket.js:45
[   62478ms] [ERROR] Failed to load resource: the server responded with a status of 404 (Not Found) @ http://localhost:3002/_next/static/webpack/2ed8c5d234341932.webpack.hot-update.json:0
[   62489ms] [LOG] %c[Vercel Web Analytics]%c Debug mode is enabled by default in development. No requests will be sent to the server. color: rgb(120, 120, 120) color: inherit @ https://va.vercel-scripts.com/v1/script.debug.js:0
[   62489ms] [LOG] %c[Vercel Web Analytics]%c [view] http://localhost:3002/landing-ko-vf color: rgb(120, 120, 120) color: inherit {o: http://localhost:3002/landing-ko-vf, sv: 0.1.3, sdkn: @vercel/analytics/react, sdkv: 1.6.1, ts: 1777530784577} /_vercel/insights/view @ https://va.vercel-scripts.com/v1/script.debug.js:0
[   62681ms] [INFO] %cDownload the React DevTools for a better development experience: https://reactjs.org/link/react-devtools font-weight:bold @ webpack-internal:///./node_modules/react-dom/cjs/react-dom.development.js:29889
[   62731ms] [LOG] [HMR] connected @ webpack-internal:///./node_modules/next/dist/client/dev/error-overlay/websocket.js:45
[   62797ms] [LOG] %c[Vercel Web Analytics]%c Debug mode is enabled by default in development. No requests will be sent to the server. color: rgb(120, 120, 120) color: inherit @ https://va.vercel-scripts.com/v1/script.debug.js:0
[   62797ms] [LOG] %c[Vercel Web Analytics]%c [view] http://localhost:3002/landing-ko-vf color: rgb(120, 120, 120) color: inherit {o: http://localhost:3002/landing-ko-vf, sv: 0.1.3, sdkn: @vercel/analytics/react, sdkv: 1.6.1, ts: 1777530784884} /_vercel/insights/view @ https://va.vercel-scripts.com/v1/script.debug.js:0
[   62814ms] [ERROR] Failed to load resource: the server responded with a status of 404 (Not Found) @ http://localhost:3002/_next/static/webpack/2ed8c5d234341932.webpack.hot-update.json:0
[   63035ms] [INFO] %cDownload the React DevTools for a better development experience: https://reactjs.org/link/react-devtools font-weight:bold @ webpack-internal:///./node_modules/react-dom/cjs/react-dom.development.js:29889
[   63090ms] [LOG] [HMR] connected @ webpack-internal:///./node_modules/next/dist/client/dev/error-overlay/websocket.js:45
[   63140ms] [LOG] %c[Vercel Web Analytics]%c Debug mode is enabled by default in development. No requests will be sent to the server. color: rgb(120, 120, 120) color: inherit @ https://va.vercel-scripts.com/v1/script.debug.js:0
[   63140ms] [LOG] %c[Vercel Web Analytics]%c [view] http://localhost:3002/landing-ko-vf color: rgb(120, 120, 120) color: inherit {o: http://localhost:3002/landing-ko-vf, sv: 0.1.3, sdkn: @vercel/analytics/react, sdkv: 1.6.1, ts: 1777530785227} /_vercel/insights/view @ https://va.vercel-scripts.com/v1/script.debug.js:0
[   63140ms] [ERROR] Failed to load resource: the server responded with a status of 404 (Not Found) @ http://localhost:3002/_next/static/webpack/2ed8c5d234341932.webpack.hot-update.json:0
[   63372ms] [INFO] %cDownload the React DevTools for a better development experience: https://reactjs.org/link/react-devtools font-weight:bold @ webpack-internal:///./node_modules/react-dom/cjs/react-dom.development.js:29889
[   63436ms] [LOG] [HMR] connected @ webpack-internal:///./node_modules/next/dist/client/dev/error-overlay/websocket.js:45
[   63514ms] [LOG] %c[Vercel Web Analytics]%c Debug mode is enabled by default in development. No requests will be sent to the server. color: rgb(120, 120, 120) color: inherit @ https://va.vercel-scripts.com/v1/script.debug.js:0
[   63514ms] [LOG] %c[Vercel Web Analytics]%c [view] http://localhost:3002/landing-ko-vf color: rgb(120, 120, 120) color: inherit {o: http://localhost:3002/landing-ko-vf, sv: 0.1.3, sdkn: @vercel/analytics/react, sdkv: 1.6.1, ts: 1777530785602} /_vercel/insights/view @ https://va.vercel-scripts.com/v1/script.debug.js:0
[   63536ms] [ERROR] Failed to load resource: the server responded with a status of 404 (Not Found) @ http://localhost:3002/_next/static/webpack/2ed8c5d234341932.webpack.hot-update.json:0
[   63723ms] [INFO] %cDownload the React DevTools for a better development experience: https://reactjs.org/link/react-devtools font-weight:bold @ webpack-internal:///./node_modules/react-dom/cjs/react-dom.development.js:29889
[   63775ms] [LOG] [HMR] connected @ webpack-internal:///./node_modules/next/dist/client/dev/error-overlay/websocket.js:45
[   63803ms] [ERROR] Failed to load resource: the server responded with a status of 404 (Not Found) @ http://localhost:3002/_next/static/webpack/2ed8c5d234341932.webpack.hot-update.json:0
[   63817ms] [LOG] %c[Vercel Web Analytics]%c Debug mode is enabled by default in development. No requests will be sent to the server. color: rgb(120, 120, 120) color: inherit @ https://va.vercel-scripts.com/v1/script.debug.js:0
[   63817ms] [LOG] %c[Vercel Web Analytics]%c [view] http://localhost:3002/landing-ko-vf color: rgb(120, 120, 120) color: inherit {o: http://localhost:3002/landing-ko-vf, sv: 0.1.3, sdkn: @vercel/analytics/react, sdkv: 1.6.1, ts: 1777530785905} /_vercel/insights/view @ https://va.vercel-scripts.com/v1/script.debug.js:0
[   64047ms] [INFO] %cDownload the React DevTools for a better development experience: https://reactjs.org/link/react-devtools font-weight:bold @ webpack-internal:///./node_modules/react-dom/cjs/react-dom.development.js:29889
[   64171ms] [LOG] [HMR] connected @ webpack-internal:///./node_modules/next/dist/client/dev/error-overlay/websocket.js:45
[   64212ms] [ERROR] Failed to load resource: the server responded with a status of 404 (Not Found) @ http://localhost:3002/_next/static/webpack/2ed8c5d234341932.webpack.hot-update.json:0
[   64223ms] [LOG] %c[Vercel Web Analytics]%c Debug mode is enabled by default in development. No requests will be sent to the server. color: rgb(120, 120, 120) color: inherit @ https://va.vercel-scripts.com/v1/script.debug.js:0
[   64223ms] [LOG] %c[Vercel Web Analytics]%c [view] http://localhost:3002/landing-ko-vf color: rgb(120, 120, 120) color: inherit {o: http://localhost:3002/landing-ko-vf, sv: 0.1.3, sdkn: @vercel/analytics/react, sdkv: 1.6.1, ts: 1777530786310} /_vercel/insights/view @ https://va.vercel-scripts.com/v1/script.debug.js:0
[   64507ms] [INFO] %cDownload the React DevTools for a better development experience: https://reactjs.org/link/react-devtools font-weight:bold @ webpack-internal:///./node_modules/react-dom/cjs/react-dom.development.js:29889
[   64556ms] [LOG] [HMR] connected @ webpack-internal:///./node_modules/next/dist/client/dev/error-overlay/websocket.js:45
[   64585ms] [ERROR] Failed to load resource: the server responded with a status of 404 (Not Found) @ http://localhost:3002/_next/static/webpack/2ed8c5d234341932.webpack.hot-update.json:0
[   64588ms] [LOG] %c[Vercel Web Analytics]%c Debug mode is enabled by default in development. No requests will be sent to the server. color: rgb(120, 120, 120) color: inherit @ https://va.vercel-scripts.com/v1/script.debug.js:0
[   64588ms] [LOG] %c[Vercel Web Analytics]%c [view] http://localhost:3002/landing-ko-vf color: rgb(120, 120, 120) color: inherit {o: http://localhost:3002/landing-ko-vf, sv: 0.1.3, sdkn: @vercel/analytics/react, sdkv: 1.6.1, ts: 1777530786676} /_vercel/insights/view @ https://va.vercel-scripts.com/v1/script.debug.js:0
[   64779ms] [INFO] %cDownload the React DevTools for a better development experience: https://reactjs.org/link/react-devtools font-weight:bold @ webpack-internal:///./node_modules/react-dom/cjs/react-dom.development.js:29889
[   64853ms] [LOG] [HMR] connected @ webpack-internal:///./node_modules/next/dist/client/dev/error-overlay/websocket.js:45
[   64904ms] [ERROR] Failed to load resource: the server responded with a status of 404 (Not Found) @ http://localhost:3002/_next/static/webpack/2ed8c5d234341932.webpack.hot-update.json:0
[   64916ms] [LOG] %c[Vercel Web Analytics]%c Debug mode is enabled by default in development. No requests will be sent to the server. color: rgb(120, 120, 120) color: inherit @ https://va.vercel-scripts.com/v1/script.debug.js:0
[   64916ms] [LOG] %c[Vercel Web Analytics]%c [view] http://localhost:3002/landing-ko-vf color: rgb(120, 120, 120) color: inherit {o: http://localhost:3002/landing-ko-vf, sv: 0.1.3, sdkn: @vercel/analytics/react, sdkv: 1.6.1, ts: 1777530787004} /_vercel/insights/view @ https://va.vercel-scripts.com/v1/script.debug.js:0
[   65129ms] [INFO] %cDownload the React DevTools for a better development experience: https://reactjs.org/link/react-devtools font-weight:bold @ webpack-internal:///./node_modules/react-dom/cjs/react-dom.development.js:29889
[   65187ms] [LOG] [HMR] connected @ webpack-internal:///./node_modules/next/dist/client/dev/error-overlay/websocket.js:45
[   65223ms] [ERROR] Failed to load resource: the server responded with a status of 404 (Not Found) @ http://localhost:3002/_next/static/webpack/2ed8c5d234341932.webpack.hot-update.json:0
[   65235ms] [LOG] %c[Vercel Web Analytics]%c Debug mode is enabled by default in development. No requests will be sent to the server. color: rgb(120, 120, 120) color: inherit @ https://va.vercel-scripts.com/v1/script.debug.js:0
[   65235ms] [LOG] %c[Vercel Web Analytics]%c [view] http://localhost:3002/landing-ko-vf color: rgb(120, 120, 120) color: inherit {o: http://localhost:3002/landing-ko-vf, sv: 0.1.3, sdkn: @vercel/analytics/react, sdkv: 1.6.1, ts: 1777530787323} /_vercel/insights/view @ https://va.vercel-scripts.com/v1/script.debug.js:0
[   65433ms] [INFO] %cDownload the React DevTools for a better development experience: https://reactjs.org/link/react-devtools font-weight:bold @ webpack-internal:///./node_modules/react-dom/cjs/react-dom.development.js:29889
[   65545ms] [LOG] [HMR] connected @ webpack-internal:///./node_modules/next/dist/client/dev/error-overlay/websocket.js:45
[   65574ms] [ERROR] Failed to load resource: the server responded with a status of 404 (Not Found) @ http://localhost:3002/_next/static/webpack/2ed8c5d234341932.webpack.hot-update.json:0
[   65581ms] [LOG] %c[Vercel Web Analytics]%c Debug mode is enabled by default in development. No requests will be sent to the server. color: rgb(120, 120, 120) color: inherit @ https://va.vercel-scripts.com/v1/script.debug.js:0
[   65581ms] [LOG] %c[Vercel Web Analytics]%c [view] http://localhost:3002/landing-ko-vf color: rgb(120, 120, 120) color: inherit {o: http://localhost:3002/landing-ko-vf, sv: 0.1.3, sdkn: @vercel/analytics/react, sdkv: 1.6.1, ts: 1777530787668} /_vercel/insights/view @ https://va.vercel-scripts.com/v1/script.debug.js:0
[   65802ms] [INFO] %cDownload the React DevTools for a better development experience: https://reactjs.org/link/react-devtools font-weight:bold @ webpack-internal:///./node_modules/react-dom/cjs/react-dom.development.js:29889
[   65856ms] [LOG] [HMR] connected @ webpack-internal:///./node_modules/next/dist/client/dev/error-overlay/websocket.js:45
[   65890ms] [LOG] %c[Vercel Web Analytics]%c Debug mode is enabled by default in development. No requests will be sent to the server. color: rgb(120, 120, 120) color: inherit @ https://va.vercel-scripts.com/v1/script.debug.js:0
[   65890ms] [LOG] %c[Vercel Web Analytics]%c [view] http://localhost:3002/landing-ko-vf color: rgb(120, 120, 120) color: inherit {o: http://localhost:3002/landing-ko-vf, sv: 0.1.3, sdkn: @vercel/analytics/react, sdkv: 1.6.1, ts: 1777530787977} /_vercel/insights/view @ https://va.vercel-scripts.com/v1/script.debug.js:0
[   65894ms] [ERROR] Failed to load resource: the server responded with a status of 404 (Not Found) @ http://localhost:3002/_next/static/webpack/2ed8c5d234341932.webpack.hot-update.json:0
[   66111ms] [INFO] %cDownload the React DevTools for a better development experience: https://reactjs.org/link/react-devtools font-weight:bold @ webpack-internal:///./node_modules/react-dom/cjs/react-dom.development.js:29889
[   66224ms] [LOG] [HMR] connected @ webpack-internal:///./node_modules/next/dist/client/dev/error-overlay/websocket.js:45
[   66273ms] [LOG] %c[Vercel Web Analytics]%c Debug mode is enabled by default in development. No requests will be sent to the server. color: rgb(120, 120, 120) color: inherit @ https://va.vercel-scripts.com/v1/script.debug.js:0
[   66273ms] [LOG] %c[Vercel Web Analytics]%c [view] http://localhost:3002/landing-ko-vf color: rgb(120, 120, 120) color: inherit {o: http://localhost:3002/landing-ko-vf, sv: 0.1.3, sdkn: @vercel/analytics/react, sdkv: 1.6.1, ts: 1777530788360} /_vercel/insights/view @ https://va.vercel-scripts.com/v1/script.debug.js:0
[   66276ms] [ERROR] Failed to load resource: the server responded with a status of 404 (Not Found) @ http://localhost:3002/_next/static/webpack/2ed8c5d234341932.webpack.hot-update.json:0
[   66486ms] [INFO] %cDownload the React DevTools for a better development experience: https://reactjs.org/link/react-devtools font-weight:bold @ webpack-internal:///./node_modules/react-dom/cjs/react-dom.development.js:29889
[   66534ms] [LOG] [HMR] connected @ webpack-internal:///./node_modules/next/dist/client/dev/error-overlay/websocket.js:45
[   66561ms] [ERROR] Failed to load resource: the server responded with a status of 404 (Not Found) @ http://localhost:3002/_next/static/webpack/2ed8c5d234341932.webpack.hot-update.json:0
[   66573ms] [LOG] %c[Vercel Web Analytics]%c Debug mode is enabled by default in development. No requests will be sent to the server. color: rgb(120, 120, 120) color: inherit @ https://va.vercel-scripts.com/v1/script.debug.js:0
[   66573ms] [LOG] %c[Vercel Web Analytics]%c [view] http://localhost:3002/landing-ko-vf color: rgb(120, 120, 120) color: inherit {o: http://localhost:3002/landing-ko-vf, sv: 0.1.3, sdkn: @vercel/analytics/react, sdkv: 1.6.1, ts: 1777530788660} /_vercel/insights/view @ https://va.vercel-scripts.com/v1/script.debug.js:0
[   66835ms] [INFO] %cDownload the React DevTools for a better development experience: https://reactjs.org/link/react-devtools font-weight:bold @ webpack-internal:///./node_modules/react-dom/cjs/react-dom.development.js:29889
[   66972ms] [LOG] [HMR] connected @ webpack-internal:///./node_modules/next/dist/client/dev/error-overlay/websocket.js:45
[   67052ms] [LOG] %c[Vercel Web Analytics]%c Debug mode is enabled by default in development. No requests will be sent to the server. color: rgb(120, 120, 120) color: inherit @ https://va.vercel-scripts.com/v1/script.debug.js:0
[   67052ms] [LOG] %c[Vercel Web Analytics]%c [view] http://localhost:3002/landing-ko-vf color: rgb(120, 120, 120) color: inherit {o: http://localhost:3002/landing-ko-vf, sv: 0.1.3, sdkn: @vercel/analytics/react, sdkv: 1.6.1, ts: 1777530789140} /_vercel/insights/view @ https://va.vercel-scripts.com/v1/script.debug.js:0
[   67062ms] [ERROR] Failed to load resource: the server responded with a status of 404 (Not Found) @ http://localhost:3002/_next/static/webpack/2ed8c5d234341932.webpack.hot-update.json:0
[   67312ms] [INFO] %cDownload the React DevTools for a better development experience: https://reactjs.org/link/react-devtools font-weight:bold @ webpack-internal:///./node_modules/react-dom/cjs/react-dom.development.js:29889
[   67379ms] [LOG] [HMR] connected @ webpack-internal:///./node_modules/next/dist/client/dev/error-overlay/websocket.js:45
[   67411ms] [ERROR] Failed to load resource: the server responded with a status of 404 (Not Found) @ http://localhost:3002/_next/static/webpack/2ed8c5d234341932.webpack.hot-update.json:0
[   67422ms] [LOG] %c[Vercel Web Analytics]%c Debug mode is enabled by default in development. No requests will be sent to the server. color: rgb(120, 120, 120) color: inherit @ https://va.vercel-scripts.com/v1/script.debug.js:0
[   67422ms] [LOG] %c[Vercel Web Analytics]%c [view] http://localhost:3002/landing-ko-vf color: rgb(120, 120, 120) color: inherit {o: http://localhost:3002/landing-ko-vf, sv: 0.1.3, sdkn: @vercel/analytics/react, sdkv: 1.6.1, ts: 1777530789509} /_vercel/insights/view @ https://va.vercel-scripts.com/v1/script.debug.js:0
[   67670ms] [INFO] %cDownload the React DevTools for a better development experience: https://reactjs.org/link/react-devtools font-weight:bold @ webpack-internal:///./node_modules/react-dom/cjs/react-dom.development.js:29889
[   67719ms] [LOG] [HMR] connected @ webpack-internal:///./node_modules/next/dist/client/dev/error-overlay/websocket.js:45
[   67749ms] [ERROR] Failed to load resource: the server responded with a status of 404 (Not Found) @ http://localhost:3002/_next/static/webpack/2ed8c5d234341932.webpack.hot-update.json:0
[   67761ms] [LOG] %c[Vercel Web Analytics]%c Debug mode is enabled by default in development. No requests will be sent to the server. color: rgb(120, 120, 120) color: inherit @ https://va.vercel-scripts.com/v1/script.debug.js:0
[   67761ms] [LOG] %c[Vercel Web Analytics]%c [view] http://localhost:3002/landing-ko-vf color: rgb(120, 120, 120) color: inherit {o: http://localhost:3002/landing-ko-vf, sv: 0.1.3, sdkn: @vercel/analytics/react, sdkv: 1.6.1, ts: 1777530789849} /_vercel/insights/view @ https://va.vercel-scripts.com/v1/script.debug.js:0
[   67970ms] [INFO] %cDownload the React DevTools for a better development experience: https://reactjs.org/link/react-devtools font-weight:bold @ webpack-internal:///./node_modules/react-dom/cjs/react-dom.development.js:29889
[   68023ms] [LOG] [HMR] connected @ webpack-internal:///./node_modules/next/dist/client/dev/error-overlay/websocket.js:45
[   68053ms] [ERROR] Failed to load resource: the server responded with a status of 404 (Not Found) @ http://localhost:3002/_next/static/webpack/2ed8c5d234341932.webpack.hot-update.json:0
[   68064ms] [LOG] %c[Vercel Web Analytics]%c Debug mode is enabled by default in development. No requests will be sent to the server. color: rgb(120, 120, 120) color: inherit @ https://va.vercel-scripts.com/v1/script.debug.js:0
[   68064ms] [LOG] %c[Vercel Web Analytics]%c [view] http://localhost:3002/landing-ko-vf color: rgb(120, 120, 120) color: inherit {o: http://localhost:3002/landing-ko-vf, sv: 0.1.3, sdkn: @vercel/analytics/react, sdkv: 1.6.1, ts: 1777530790151} /_vercel/insights/view @ https://va.vercel-scripts.com/v1/script.debug.js:0
[   68318ms] [INFO] %cDownload the React DevTools for a better development experience: https://reactjs.org/link/react-devtools font-weight:bold @ webpack-internal:///./node_modules/react-dom/cjs/react-dom.development.js:29889
[   68435ms] [LOG] [HMR] connected @ webpack-internal:///./node_modules/next/dist/client/dev/error-overlay/websocket.js:45
[   68483ms] [LOG] %c[Vercel Web Analytics]%c Debug mode is enabled by default in development. No requests will be sent to the server. color: rgb(120, 120, 120) color: inherit @ https://va.vercel-scripts.com/v1/script.debug.js:0
[   68483ms] [LOG] %c[Vercel Web Analytics]%c [view] http://localhost:3002/landing-ko-vf color: rgb(120, 120, 120) color: inherit {o: http://localhost:3002/landing-ko-vf, sv: 0.1.3, sdkn: @vercel/analytics/react, sdkv: 1.6.1, ts: 1777530790571} /_vercel/insights/view @ https://va.vercel-scripts.com/v1/script.debug.js:0
[   68483ms] [ERROR] Failed to load resource: the server responded with a status of 404 (Not Found) @ http://localhost:3002/_next/static/webpack/2ed8c5d234341932.webpack.hot-update.json:0
[   68678ms] [INFO] %cDownload the React DevTools for a better development experience: https://reactjs.org/link/react-devtools font-weight:bold @ webpack-internal:///./node_modules/react-dom/cjs/react-dom.development.js:29889
[   68730ms] [LOG] [HMR] connected @ webpack-internal:///./node_modules/next/dist/client/dev/error-overlay/websocket.js:45
[   68778ms] [LOG] %c[Vercel Web Analytics]%c Debug mode is enabled by default in development. No requests will be sent to the server. color: rgb(120, 120, 120) color: inherit @ https://va.vercel-scripts.com/v1/script.debug.js:0
[   68778ms] [LOG] %c[Vercel Web Analytics]%c [view] http://localhost:3002/landing-ko-vf color: rgb(120, 120, 120) color: inherit {o: http://localhost:3002/landing-ko-vf, sv: 0.1.3, sdkn: @vercel/analytics/react, sdkv: 1.6.1, ts: 1777530790865} /_vercel/insights/view @ https://va.vercel-scripts.com/v1/script.debug.js:0
[   68815ms] [ERROR] Failed to load resource: the server responded with a status of 404 (Not Found) @ http://localhost:3002/_next/static/webpack/2ed8c5d234341932.webpack.hot-update.json:0
[   69088ms] [INFO] %cDownload the React DevTools for a better development experience: https://reactjs.org/link/react-devtools font-weight:bold @ webpack-internal:///./node_modules/react-dom/cjs/react-dom.development.js:29889
[   69143ms] [LOG] [HMR] connected @ webpack-internal:///./node_modules/next/dist/client/dev/error-overlay/websocket.js:45
[   69183ms] [LOG] %c[Vercel Web Analytics]%c Debug mode is enabled by default in development. No requests will be sent to the server. color: rgb(120, 120, 120) color: inherit @ https://va.vercel-scripts.com/v1/script.debug.js:0
[   69183ms] [LOG] %c[Vercel Web Analytics]%c [view] http://localhost:3002/landing-ko-vf color: rgb(120, 120, 120) color: inherit {o: http://localhost:3002/landing-ko-vf, sv: 0.1.3, sdkn: @vercel/analytics/react, sdkv: 1.6.1, ts: 1777530791271} /_vercel/insights/view @ https://va.vercel-scripts.com/v1/script.debug.js:0
[   69184ms] [ERROR] Failed to load resource: the server responded with a status of 404 (Not Found) @ http://localhost:3002/_next/static/webpack/2ed8c5d234341932.webpack.hot-update.json:0
[   69559ms] [INFO] %cDownload the React DevTools for a better development experience: https://reactjs.org/link/react-devtools font-weight:bold @ webpack-internal:///./node_modules/react-dom/cjs/react-dom.development.js:29889
[   69663ms] [LOG] [HMR] connected @ webpack-internal:///./node_modules/next/dist/client/dev/error-overlay/websocket.js:45
[   69730ms] [LOG] %c[Vercel Web Analytics]%c Debug mode is enabled by default in development. No requests will be sent to the server. color: rgb(120, 120, 120) color: inherit @ https://va.vercel-scripts.com/v1/script.debug.js:0
[   69730ms] [LOG] %c[Vercel Web Analytics]%c [view] http://localhost:3002/landing-ko-vf color: rgb(120, 120, 120) color: inherit {o: http://localhost:3002/landing-ko-vf, sv: 0.1.3, sdkn: @vercel/analytics/react, sdkv: 1.6.1, ts: 1777530791818} /_vercel/insights/view @ https://va.vercel-scripts.com/v1/script.debug.js:0
[   69756ms] [ERROR] Failed to load resource: the server responded with a status of 404 (Not Found) @ http://localhost:3002/_next/static/webpack/2ed8c5d234341932.webpack.hot-update.json:0
